<?xml version="1.0"?>
<link_info>
   <banner>TMS320C55x Linker PC v4.4.1</banner>
   <copyright>Copyright (c) 1996-2012 Texas Instruments Incorporated</copyright>
   <link_time>0x537f0298</link_time>
   <output_file>floatPoint_directIIR_passBand.out</output_file>
   <entry_point>
      <name>_c_int00</name>
      <address>0x4660e</address>
   </entry_point>
   <input_file_list>
      <input_file id="fl-2">
         <path>.\src\</path>
         <kind>object</kind>
         <file>floatPoint_directIIRTest.obj</file>
         <name>floatPoint_directIIRTest.obj</name>
      </input_file>
      <input_file id="fl-3">
         <path>.\src\</path>
         <kind>object</kind>
         <file>floatPoint_directIIR.obj</file>
         <name>floatPoint_directIIR.obj</name>
      </input_file>
      <input_file id="fl-1a">
         <path>C:\ti\ccsv5\tools\compiler\c5500_4.4.1\lib\</path>
         <kind>archive</kind>
         <file>rts55x.lib</file>
         <name>addd.obj</name>
      </input_file>
      <input_file id="fl-1b">
         <path>C:\ti\ccsv5\tools\compiler\c5500_4.4.1\lib\</path>
         <kind>archive</kind>
         <file>rts55x.lib</file>
         <name>boot.obj</name>
      </input_file>
      <input_file id="fl-1c">
         <path>C:\ti\ccsv5\tools\compiler\c5500_4.4.1\lib\</path>
         <kind>archive</kind>
         <file>rts55x.lib</file>
         <name>divd.obj</name>
      </input_file>
      <input_file id="fl-1d">
         <path>C:\ti\ccsv5\tools\compiler\c5500_4.4.1\lib\</path>
         <kind>archive</kind>
         <file>rts55x.lib</file>
         <name>exit.obj</name>
      </input_file>
      <input_file id="fl-1e">
         <path>C:\ti\ccsv5\tools\compiler\c5500_4.4.1\lib\</path>
         <kind>archive</kind>
         <file>rts55x.lib</file>
         <name>fclose.obj</name>
      </input_file>
      <input_file id="fl-1f">
         <path>C:\ti\ccsv5\tools\compiler\c5500_4.4.1\lib\</path>
         <kind>archive</kind>
         <file>rts55x.lib</file>
         <name>fflush.obj</name>
      </input_file>
      <input_file id="fl-20">
         <path>C:\ti\ccsv5\tools\compiler\c5500_4.4.1\lib\</path>
         <kind>archive</kind>
         <file>rts55x.lib</file>
         <name>fixdi.obj</name>
      </input_file>
      <input_file id="fl-21">
         <path>C:\ti\ccsv5\tools\compiler\c5500_4.4.1\lib\</path>
         <kind>archive</kind>
         <file>rts55x.lib</file>
         <name>fixdli.obj</name>
      </input_file>
      <input_file id="fl-22">
         <path>C:\ti\ccsv5\tools\compiler\c5500_4.4.1\lib\</path>
         <kind>archive</kind>
         <file>rts55x.lib</file>
         <name>fltid.obj</name>
      </input_file>
      <input_file id="fl-23">
         <path>C:\ti\ccsv5\tools\compiler\c5500_4.4.1\lib\</path>
         <kind>archive</kind>
         <file>rts55x.lib</file>
         <name>fltlid.obj</name>
      </input_file>
      <input_file id="fl-24">
         <path>C:\ti\ccsv5\tools\compiler\c5500_4.4.1\lib\</path>
         <kind>archive</kind>
         <file>rts55x.lib</file>
         <name>fopen.obj</name>
      </input_file>
      <input_file id="fl-25">
         <path>C:\ti\ccsv5\tools\compiler\c5500_4.4.1\lib\</path>
         <kind>archive</kind>
         <file>rts55x.lib</file>
         <name>frcmpyd_div.obj</name>
      </input_file>
      <input_file id="fl-26">
         <path>C:\ti\ccsv5\tools\compiler\c5500_4.4.1\lib\</path>
         <kind>archive</kind>
         <file>rts55x.lib</file>
         <name>fread.obj</name>
      </input_file>
      <input_file id="fl-27">
         <path>C:\ti\ccsv5\tools\compiler\c5500_4.4.1\lib\</path>
         <kind>archive</kind>
         <file>rts55x.lib</file>
         <name>fscanf.obj</name>
      </input_file>
      <input_file id="fl-28">
         <path>C:\ti\ccsv5\tools\compiler\c5500_4.4.1\lib\</path>
         <kind>archive</kind>
         <file>rts55x.lib</file>
         <name>fwrite.obj</name>
      </input_file>
      <input_file id="fl-29">
         <path>C:\ti\ccsv5\tools\compiler\c5500_4.4.1\lib\</path>
         <kind>archive</kind>
         <file>rts55x.lib</file>
         <name>lmpy.obj</name>
      </input_file>
      <input_file id="fl-2a">
         <path>C:\ti\ccsv5\tools\compiler\c5500_4.4.1\lib\</path>
         <kind>archive</kind>
         <file>rts55x.lib</file>
         <name>lowlev.obj</name>
      </input_file>
      <input_file id="fl-2b">
         <path>C:\ti\ccsv5\tools\compiler\c5500_4.4.1\lib\</path>
         <kind>archive</kind>
         <file>rts55x.lib</file>
         <name>memcpy.obj</name>
      </input_file>
      <input_file id="fl-2c">
         <path>C:\ti\ccsv5\tools\compiler\c5500_4.4.1\lib\</path>
         <kind>archive</kind>
         <file>rts55x.lib</file>
         <name>memory.obj</name>
      </input_file>
      <input_file id="fl-2d">
         <path>C:\ti\ccsv5\tools\compiler\c5500_4.4.1\lib\</path>
         <kind>archive</kind>
         <file>rts55x.lib</file>
         <name>mpyd.obj</name>
      </input_file>
      <input_file id="fl-2e">
         <path>C:\ti\ccsv5\tools\compiler\c5500_4.4.1\lib\</path>
         <kind>archive</kind>
         <file>rts55x.lib</file>
         <name>printf.obj</name>
      </input_file>
      <input_file id="fl-2f">
         <path>C:\ti\ccsv5\tools\compiler\c5500_4.4.1\lib\</path>
         <kind>archive</kind>
         <file>rts55x.lib</file>
         <name>remove.obj</name>
      </input_file>
      <input_file id="fl-30">
         <path>C:\ti\ccsv5\tools\compiler\c5500_4.4.1\lib\</path>
         <kind>archive</kind>
         <file>rts55x.lib</file>
         <name>subd.obj</name>
      </input_file>
      <input_file id="fl-31">
         <path>C:\ti\ccsv5\tools\compiler\c5500_4.4.1\lib\</path>
         <kind>archive</kind>
         <file>rts55x.lib</file>
         <name>trgdrv.obj</name>
      </input_file>
      <input_file id="fl-32">
         <path>C:\ti\ccsv5\tools\compiler\c5500_4.4.1\lib\</path>
         <kind>archive</kind>
         <file>rts55x.lib</file>
         <name>trgmsg.obj</name>
      </input_file>
      <input_file id="fl-33">
         <path>C:\ti\ccsv5\tools\compiler\c5500_4.4.1\lib\</path>
         <kind>archive</kind>
         <file>rts55x.lib</file>
         <name>udiv.obj</name>
      </input_file>
      <input_file id="fl-34">
         <path>C:\ti\ccsv5\tools\compiler\c5500_4.4.1\lib\</path>
         <kind>archive</kind>
         <file>rts55x.lib</file>
         <name>ungetc.obj</name>
      </input_file>
      <input_file id="fl-35">
         <path>C:\ti\ccsv5\tools\compiler\c5500_4.4.1\lib\</path>
         <kind>archive</kind>
         <file>rts55x.lib</file>
         <name>vectors.obj</name>
      </input_file>
      <input_file id="fl-36">
         <path>C:\ti\ccsv5\tools\compiler\c5500_4.4.1\lib\</path>
         <kind>archive</kind>
         <file>rts55x.lib</file>
         <name>_bufread.obj</name>
      </input_file>
      <input_file id="fl-37">
         <path>C:\ti\ccsv5\tools\compiler\c5500_4.4.1\lib\</path>
         <kind>archive</kind>
         <file>rts55x.lib</file>
         <name>_io_perm.obj</name>
      </input_file>
      <input_file id="fl-38">
         <path>C:\ti\ccsv5\tools\compiler\c5500_4.4.1\lib\</path>
         <kind>archive</kind>
         <file>rts55x.lib</file>
         <name>_lock.obj</name>
      </input_file>
      <input_file id="fl-39">
         <path>C:\ti\ccsv5\tools\compiler\c5500_4.4.1\lib\</path>
         <kind>archive</kind>
         <file>rts55x.lib</file>
         <name>_printfi.obj</name>
      </input_file>
      <input_file id="fl-3a">
         <path>C:\ti\ccsv5\tools\compiler\c5500_4.4.1\lib\</path>
         <kind>archive</kind>
         <file>rts55x.lib</file>
         <name>_scanfi.obj</name>
      </input_file>
      <input_file id="fl-3b">
         <path>C:\ti\ccsv5\tools\compiler\c5500_4.4.1\lib\</path>
         <kind>archive</kind>
         <file>rts55x.lib</file>
         <name>args_main.obj</name>
      </input_file>
      <input_file id="fl-3c">
         <path>C:\ti\ccsv5\tools\compiler\c5500_4.4.1\lib\</path>
         <kind>archive</kind>
         <file>rts55x.lib</file>
         <name>atoi.obj</name>
      </input_file>
      <input_file id="fl-3d">
         <path>C:\ti\ccsv5\tools\compiler\c5500_4.4.1\lib\</path>
         <kind>archive</kind>
         <file>rts55x.lib</file>
         <name>autoinit.obj</name>
      </input_file>
      <input_file id="fl-3e">
         <path>C:\ti\ccsv5\tools\compiler\c5500_4.4.1\lib\</path>
         <kind>archive</kind>
         <file>rts55x.lib</file>
         <name>cmpd.obj</name>
      </input_file>
      <input_file id="fl-3f">
         <path>C:\ti\ccsv5\tools\compiler\c5500_4.4.1\lib\</path>
         <kind>archive</kind>
         <file>rts55x.lib</file>
         <name>ctype.obj</name>
      </input_file>
      <input_file id="fl-40">
         <path>C:\ti\ccsv5\tools\compiler\c5500_4.4.1\lib\</path>
         <kind>archive</kind>
         <file>rts55x.lib</file>
         <name>defs.obj</name>
      </input_file>
      <input_file id="fl-41">
         <path>C:\ti\ccsv5\tools\compiler\c5500_4.4.1\lib\</path>
         <kind>archive</kind>
         <file>rts55x.lib</file>
         <name>divul.obj</name>
      </input_file>
      <input_file id="fl-42">
         <path>C:\ti\ccsv5\tools\compiler\c5500_4.4.1\lib\</path>
         <kind>archive</kind>
         <file>rts55x.lib</file>
         <name>fgetc.obj</name>
      </input_file>
      <input_file id="fl-43">
         <path>C:\ti\ccsv5\tools\compiler\c5500_4.4.1\lib\</path>
         <kind>archive</kind>
         <file>rts55x.lib</file>
         <name>fputc.obj</name>
      </input_file>
      <input_file id="fl-44">
         <path>C:\ti\ccsv5\tools\compiler\c5500_4.4.1\lib\</path>
         <kind>archive</kind>
         <file>rts55x.lib</file>
         <name>fputs.obj</name>
      </input_file>
      <input_file id="fl-45">
         <path>C:\ti\ccsv5\tools\compiler\c5500_4.4.1\lib\</path>
         <kind>archive</kind>
         <file>rts55x.lib</file>
         <name>frcmpyd.obj</name>
      </input_file>
      <input_file id="fl-46">
         <path>C:\ti\ccsv5\tools\compiler\c5500_4.4.1\lib\</path>
         <kind>archive</kind>
         <file>rts55x.lib</file>
         <name>fseek.obj</name>
      </input_file>
      <input_file id="fl-47">
         <path>C:\ti\ccsv5\tools\compiler\c5500_4.4.1\lib\</path>
         <kind>archive</kind>
         <file>rts55x.lib</file>
         <name>isinf.obj</name>
      </input_file>
      <input_file id="fl-48">
         <path>C:\ti\ccsv5\tools\compiler\c5500_4.4.1\lib\</path>
         <kind>archive</kind>
         <file>rts55x.lib</file>
         <name>llmpy.obj</name>
      </input_file>
      <input_file id="fl-49">
         <path>C:\ti\ccsv5\tools\compiler\c5500_4.4.1\lib\</path>
         <kind>archive</kind>
         <file>rts55x.lib</file>
         <name>ltoa.obj</name>
      </input_file>
      <input_file id="fl-4a">
         <path>C:\ti\ccsv5\tools\compiler\c5500_4.4.1\lib\</path>
         <kind>archive</kind>
         <file>rts55x.lib</file>
         <name>memccpy.obj</name>
      </input_file>
      <input_file id="fl-4b">
         <path>C:\ti\ccsv5\tools\compiler\c5500_4.4.1\lib\</path>
         <kind>archive</kind>
         <file>rts55x.lib</file>
         <name>negd.obj</name>
      </input_file>
      <input_file id="fl-4c">
         <path>C:\ti\ccsv5\tools\compiler\c5500_4.4.1\lib\</path>
         <kind>archive</kind>
         <file>rts55x.lib</file>
         <name>remli.obj</name>
      </input_file>
      <input_file id="fl-4d">
         <path>C:\ti\ccsv5\tools\compiler\c5500_4.4.1\lib\</path>
         <kind>archive</kind>
         <file>rts55x.lib</file>
         <name>remul.obj</name>
      </input_file>
      <input_file id="fl-4e">
         <path>C:\ti\ccsv5\tools\compiler\c5500_4.4.1\lib\</path>
         <kind>archive</kind>
         <file>rts55x.lib</file>
         <name>setvbuf.obj</name>
      </input_file>
      <input_file id="fl-4f">
         <path>C:\ti\ccsv5\tools\compiler\c5500_4.4.1\lib\</path>
         <kind>archive</kind>
         <file>rts55x.lib</file>
         <name>strtod.obj</name>
      </input_file>
      <input_file id="fl-50">
         <path>C:\ti\ccsv5\tools\compiler\c5500_4.4.1\lib\</path>
         <kind>archive</kind>
         <file>rts55x.lib</file>
         <name>strtol.obj</name>
      </input_file>
      <input_file id="fl-51">
         <path>C:\ti\ccsv5\tools\compiler\c5500_4.4.1\lib\</path>
         <kind>archive</kind>
         <file>rts55x.lib</file>
         <name>strtold.obj</name>
      </input_file>
      <input_file id="fl-52">
         <path>C:\ti\ccsv5\tools\compiler\c5500_4.4.1\lib\</path>
         <kind>archive</kind>
         <file>rts55x.lib</file>
         <name>strtoll.obj</name>
      </input_file>
      <input_file id="fl-53">
         <path>C:\ti\ccsv5\tools\compiler\c5500_4.4.1\lib\</path>
         <kind>archive</kind>
         <file>rts55x.lib</file>
         <name>strtoul.obj</name>
      </input_file>
      <input_file id="fl-54">
         <path>C:\ti\ccsv5\tools\compiler\c5500_4.4.1\lib\</path>
         <kind>archive</kind>
         <file>rts55x.lib</file>
         <name>strtoull.obj</name>
      </input_file>
      <input_file id="fl-55">
         <path>C:\ti\ccsv5\tools\compiler\c5500_4.4.1\lib\</path>
         <kind>archive</kind>
         <file>rts55x.lib</file>
         <name>divli.obj</name>
      </input_file>
      <input_file id="fl-56">
         <path>C:\ti\ccsv5\tools\compiler\c5500_4.4.1\lib\</path>
         <kind>archive</kind>
         <file>rts55x.lib</file>
         <name>errno.obj</name>
      </input_file>
      <input_file id="fl-57">
         <path>C:\ti\ccsv5\tools\compiler\c5500_4.4.1\lib\</path>
         <kind>archive</kind>
         <file>rts55x.lib</file>
         <name>idiv.obj</name>
      </input_file>
   </input_file_list>
   <object_component_list>
      <object_component id="oc-9a">
         <name>vectors</name>
         <load_address>0xc0</load_address>
         <run_address>0xc0</run_address>
         <size>0x100</size>
         <input_file_ref idref="fl-35"/>
      </object_component>
      <object_component id="oc-13">
         <name>.cinit</name>
         <load_address>0x46e88</load_address>
         <run_address>0x46e88</run_address>
         <size>0xd4</size>
         <input_file_ref idref="fl-2"/>
      </object_component>
      <object_component id="oc-68">
         <name>.cinit</name>
         <load_address>0x46f5c</load_address>
         <run_address>0x46f5c</run_address>
         <size>0x5a</size>
         <input_file_ref idref="fl-2a"/>
      </object_component>
      <object_component id="oc-ca">
         <name>.cinit</name>
         <load_address>0x46fb6</load_address>
         <run_address>0x46fb6</run_address>
         <size>0x54</size>
         <input_file_ref idref="fl-40"/>
      </object_component>
      <object_component id="oc-a9">
         <name>.cinit</name>
         <load_address>0x4700a</load_address>
         <run_address>0x4700a</run_address>
         <size>0x14</size>
         <input_file_ref idref="fl-38"/>
      </object_component>
      <object_component id="oc-2e">
         <name>.cinit</name>
         <load_address>0x4701e</load_address>
         <run_address>0x4701e</run_address>
         <size>0x14</size>
         <input_file_ref idref="fl-1d"/>
      </object_component>
      <object_component id="oc-125">
         <name>.cinit</name>
         <load_address>0x47032</load_address>
         <run_address>0x47032</run_address>
         <size>0x8</size>
         <input_file_ref idref="fl-56"/>
      </object_component>
      <object_component id="oc-4e">
         <name>.cinit</name>
         <load_address>0x4703a</load_address>
         <run_address>0x4703a</run_address>
         <size>0x8</size>
         <input_file_ref idref="fl-24"/>
      </object_component>
      <object_component id="oc-72">
         <name>.cinit</name>
         <load_address>0x47042</load_address>
         <run_address>0x47042</run_address>
         <size>0x8</size>
         <input_file_ref idref="fl-2c"/>
      </object_component>
      <object_component id="oc-ac">
         <name>.text</name>
         <load_address>0x40000</load_address>
         <run_address>0x40000</run_address>
         <size>0x15a4</size>
         <input_file_ref idref="fl-39"/>
      </object_component>
      <object_component id="oc-b2">
         <name>.text</name>
         <load_address>0x415a4</load_address>
         <run_address>0x415a4</run_address>
         <size>0xedb</size>
         <input_file_ref idref="fl-3a"/>
      </object_component>
      <object_component id="oc-65">
         <name>.text</name>
         <load_address>0x4247f</load_address>
         <run_address>0x4247f</run_address>
         <size>0x543</size>
         <input_file_ref idref="fl-2a"/>
      </object_component>
      <object_component id="oc-86">
         <name>.text</name>
         <load_address>0x429c2</load_address>
         <run_address>0x429c2</run_address>
         <size>0x528</size>
         <input_file_ref idref="fl-31"/>
      </object_component>
      <object_component id="oc-6f">
         <name>.text</name>
         <load_address>0x42eea</load_address>
         <run_address>0x42eea</run_address>
         <size>0x4b5</size>
         <input_file_ref idref="fl-2c"/>
      </object_component>
      <object_component id="oc-27">
         <name>.text</name>
         <load_address>0x4339f</load_address>
         <run_address>0x4339f</run_address>
         <size>0x3cc</size>
         <input_file_ref idref="fl-1c"/>
      </object_component>
      <object_component id="oc-113">
         <name>.text</name>
         <load_address>0x4376b</load_address>
         <run_address>0x4376b</run_address>
         <size>0x301</size>
         <input_file_ref idref="fl-52"/>
      </object_component>
      <object_component id="oc-105">
         <name>.text</name>
         <load_address>0x43a6c</load_address>
         <run_address>0x43a6c</run_address>
         <size>0x2bd</size>
         <input_file_ref idref="fl-4f"/>
      </object_component>
      <object_component id="oc-10e">
         <name>.text</name>
         <load_address>0x43d29</load_address>
         <run_address>0x43d29</run_address>
         <size>0x29f</size>
         <input_file_ref idref="fl-51"/>
      </object_component>
      <object_component id="oc-4b">
         <name>.text</name>
         <load_address>0x43fc8</load_address>
         <run_address>0x43fc8</run_address>
         <size>0x27f</size>
         <input_file_ref idref="fl-24"/>
      </object_component>
      <object_component id="oc-e9">
         <name>.text</name>
         <load_address>0x44247</load_address>
         <run_address>0x44247</run_address>
         <size>0x25e</size>
         <input_file_ref idref="fl-48"/>
      </object_component>
      <object_component id="oc-1f">
         <name>.text</name>
         <load_address>0x444a5</load_address>
         <run_address>0x444a5</run_address>
         <size>0x25a</size>
         <input_file_ref idref="fl-1a"/>
      </object_component>
      <object_component id="oc-11b">
         <name>.text</name>
         <load_address>0x446ff</load_address>
         <run_address>0x446ff</run_address>
         <size>0x24b</size>
         <input_file_ref idref="fl-54"/>
      </object_component>
      <object_component id="oc-10a">
         <name>.text</name>
         <load_address>0x4494a</load_address>
         <run_address>0x4494a</run_address>
         <size>0x208</size>
         <input_file_ref idref="fl-50"/>
      </object_component>
      <object_component id="oc-5d">
         <name>.text</name>
         <load_address>0x44b52</load_address>
         <run_address>0x44b52</run_address>
         <size>0x1ee</size>
         <input_file_ref idref="fl-28"/>
      </object_component>
      <object_component id="oc-10">
         <name>.text</name>
         <load_address>0x44d40</load_address>
         <run_address>0x44d40</run_address>
         <size>0x1ec</size>
         <input_file_ref idref="fl-2"/>
      </object_component>
      <object_component id="oc-c2">
         <name>.text</name>
         <load_address>0x44f2c</load_address>
         <run_address>0x44f2c</run_address>
         <size>0x1ea</size>
         <input_file_ref idref="fl-3e"/>
      </object_component>
      <object_component id="oc-117">
         <name>.text</name>
         <load_address>0x45116</load_address>
         <run_address>0x45116</run_address>
         <size>0x1d1</size>
         <input_file_ref idref="fl-53"/>
      </object_component>
      <object_component id="oc-d8">
         <name>.text</name>
         <load_address>0x452e7</load_address>
         <run_address>0x452e7</run_address>
         <size>0x163</size>
         <input_file_ref idref="fl-44"/>
      </object_component>
      <object_component id="oc-59">
         <name>.text</name>
         <load_address>0x4544a</load_address>
         <run_address>0x4544a</run_address>
         <size>0x161</size>
         <input_file_ref idref="fl-27"/>
      </object_component>
      <object_component id="oc-76">
         <name>.text</name>
         <load_address>0x455ab</load_address>
         <run_address>0x455ab</run_address>
         <size>0x14c</size>
         <input_file_ref idref="fl-2d"/>
      </object_component>
      <object_component id="oc-55">
         <name>.text</name>
         <load_address>0x456f7</load_address>
         <run_address>0x456f7</run_address>
         <size>0x10f</size>
         <input_file_ref idref="fl-26"/>
      </object_component>
      <object_component id="oc-19">
         <name>.text</name>
         <load_address>0x45806</load_address>
         <run_address>0x45806</run_address>
         <size>0x10e</size>
         <input_file_ref idref="fl-3"/>
      </object_component>
      <object_component id="oc-101">
         <name>.text</name>
         <load_address>0x45914</load_address>
         <run_address>0x45914</run_address>
         <size>0xe6</size>
         <input_file_ref idref="fl-4e"/>
      </object_component>
      <object_component id="oc-a2">
         <name>.text</name>
         <load_address>0x459fa</load_address>
         <run_address>0x459fa</run_address>
         <size>0xdd</size>
         <input_file_ref idref="fl-37"/>
      </object_component>
      <object_component id="oc-36">
         <name>.text</name>
         <load_address>0x45ad7</load_address>
         <run_address>0x45ad7</run_address>
         <size>0xc2</size>
         <input_file_ref idref="fl-1f"/>
      </object_component>
      <object_component id="oc-8e">
         <name>.text:CIO_breakpoint</name>
         <load_address>0x45b99</load_address>
         <run_address>0x45b99</run_address>
         <size>0xba</size>
         <input_file_ref idref="fl-32"/>
      </object_component>
      <object_component id="oc-9e">
         <name>.text</name>
         <load_address>0x45c53</load_address>
         <run_address>0x45c53</run_address>
         <size>0xae</size>
         <input_file_ref idref="fl-36"/>
      </object_component>
      <object_component id="oc-d4">
         <name>.text</name>
         <load_address>0x45d01</load_address>
         <run_address>0x45d01</run_address>
         <size>0xa6</size>
         <input_file_ref idref="fl-43"/>
      </object_component>
      <object_component id="oc-cc">
         <name>.text</name>
         <load_address>0x45da7</load_address>
         <run_address>0x45da7</run_address>
         <size>0xa1</size>
         <input_file_ref idref="fl-41"/>
      </object_component>
      <object_component id="oc-d0">
         <name>.text</name>
         <load_address>0x45e48</load_address>
         <run_address>0x45e48</run_address>
         <size>0x9b</size>
         <input_file_ref idref="fl-42"/>
      </object_component>
      <object_component id="oc-95">
         <name>.text</name>
         <load_address>0x45ee3</load_address>
         <run_address>0x45ee3</run_address>
         <size>0x9a</size>
         <input_file_ref idref="fl-34"/>
      </object_component>
      <object_component id="oc-ed">
         <name>.text</name>
         <load_address>0x45f7d</load_address>
         <run_address>0x45f7d</run_address>
         <size>0x7d</size>
         <input_file_ref idref="fl-49"/>
      </object_component>
      <object_component id="oc-32">
         <name>.text</name>
         <load_address>0x45ffa</load_address>
         <run_address>0x45ffa</run_address>
         <size>0x7b</size>
         <input_file_ref idref="fl-1e"/>
      </object_component>
      <object_component id="oc-dd">
         <name>.text</name>
         <load_address>0x46075</load_address>
         <run_address>0x46075</run_address>
         <size>0x76</size>
         <input_file_ref idref="fl-45"/>
      </object_component>
      <object_component id="oc-51">
         <name>.text</name>
         <load_address>0x460eb</load_address>
         <run_address>0x460eb</run_address>
         <size>0x73</size>
         <input_file_ref idref="fl-25"/>
      </object_component>
      <object_component id="oc-fd">
         <name>.text</name>
         <load_address>0x4615e</load_address>
         <run_address>0x4615e</run_address>
         <size>0x72</size>
         <input_file_ref idref="fl-4d"/>
      </object_component>
      <object_component id="oc-3e">
         <name>.text</name>
         <load_address>0x461d0</load_address>
         <run_address>0x461d0</run_address>
         <size>0x6f</size>
         <input_file_ref idref="fl-21"/>
      </object_component>
      <object_component id="oc-8b">
         <name>.text</name>
         <load_address>0x4623f</load_address>
         <run_address>0x4623f</run_address>
         <size>0x6d</size>
         <input_file_ref idref="fl-32"/>
      </object_component>
      <object_component id="oc-e1">
         <name>.text</name>
         <load_address>0x462ac</load_address>
         <run_address>0x462ac</run_address>
         <size>0x6b</size>
         <input_file_ref idref="fl-46"/>
      </object_component>
      <object_component id="oc-46">
         <name>.text</name>
         <load_address>0x46317</load_address>
         <run_address>0x46317</run_address>
         <size>0x67</size>
         <input_file_ref idref="fl-23"/>
      </object_component>
      <object_component id="oc-ba">
         <name>.text</name>
         <load_address>0x4637e</load_address>
         <run_address>0x4637e</run_address>
         <size>0x5c</size>
         <input_file_ref idref="fl-3c"/>
      </object_component>
      <object_component id="oc-7a">
         <name>.text</name>
         <load_address>0x463da</load_address>
         <run_address>0x463da</run_address>
         <size>0x50</size>
         <input_file_ref idref="fl-2e"/>
      </object_component>
      <object_component id="oc-be">
         <name>.text</name>
         <load_address>0x4642a</load_address>
         <run_address>0x4642a</run_address>
         <size>0x4d</size>
         <input_file_ref idref="fl-3d"/>
      </object_component>
      <object_component id="oc-b6">
         <name>.text</name>
         <load_address>0x46477</load_address>
         <run_address>0x46477</run_address>
         <size>0x4b</size>
         <input_file_ref idref="fl-3b"/>
      </object_component>
      <object_component id="oc-f9">
         <name>.text</name>
         <load_address>0x464c2</load_address>
         <run_address>0x464c2</run_address>
         <size>0x4b</size>
         <input_file_ref idref="fl-4c"/>
      </object_component>
      <object_component id="oc-11f">
         <name>.text</name>
         <load_address>0x4650d</load_address>
         <run_address>0x4650d</run_address>
         <size>0x48</size>
         <input_file_ref idref="fl-55"/>
      </object_component>
      <object_component id="oc-6b">
         <name>.text</name>
         <load_address>0x46555</load_address>
         <run_address>0x46555</run_address>
         <size>0x3f</size>
         <input_file_ref idref="fl-2b"/>
      </object_component>
      <object_component id="oc-2b">
         <name>.text</name>
         <load_address>0x46594</load_address>
         <run_address>0x46594</run_address>
         <size>0x3e</size>
         <input_file_ref idref="fl-1d"/>
      </object_component>
      <object_component id="oc-127">
         <name>.text</name>
         <load_address>0x465d2</load_address>
         <run_address>0x465d2</run_address>
         <size>0x3c</size>
         <input_file_ref idref="fl-57"/>
      </object_component>
      <object_component id="oc-f">
         <name>.text</name>
         <load_address>0x4660e</load_address>
         <run_address>0x4660e</run_address>
         <size>0x34</size>
         <input_file_ref idref="fl-1b"/>
      </object_component>
      <object_component id="oc-3a">
         <name>.text</name>
         <load_address>0x46642</load_address>
         <run_address>0x46642</run_address>
         <size>0x2a</size>
         <input_file_ref idref="fl-20"/>
      </object_component>
      <object_component id="oc-91">
         <name>.text</name>
         <load_address>0x4666c</load_address>
         <run_address>0x4666c</run_address>
         <size>0x2a</size>
         <input_file_ref idref="fl-33"/>
      </object_component>
      <object_component id="oc-f1">
         <name>.text</name>
         <load_address>0x46696</load_address>
         <run_address>0x46696</run_address>
         <size>0x23</size>
         <input_file_ref idref="fl-4a"/>
      </object_component>
      <object_component id="oc-e5">
         <name>.text</name>
         <load_address>0x466b9</load_address>
         <run_address>0x466b9</run_address>
         <size>0x1a</size>
         <input_file_ref idref="fl-47"/>
      </object_component>
      <object_component id="oc-82">
         <name>.text</name>
         <load_address>0x466d3</load_address>
         <run_address>0x466d3</run_address>
         <size>0x14</size>
         <input_file_ref idref="fl-30"/>
      </object_component>
      <object_component id="oc-61">
         <name>.text</name>
         <load_address>0x466e7</load_address>
         <run_address>0x466e7</run_address>
         <size>0x13</size>
         <input_file_ref idref="fl-29"/>
      </object_component>
      <object_component id="oc-a6">
         <name>.text</name>
         <load_address>0x466fa</load_address>
         <run_address>0x466fa</run_address>
         <size>0x12</size>
         <input_file_ref idref="fl-38"/>
      </object_component>
      <object_component id="oc-f5">
         <name>.text</name>
         <load_address>0x4670c</load_address>
         <run_address>0x4670c</run_address>
         <size>0x10</size>
         <input_file_ref idref="fl-4b"/>
      </object_component>
      <object_component id="oc-42">
         <name>.text</name>
         <load_address>0x4671c</load_address>
         <run_address>0x4671c</run_address>
         <size>0xc</size>
         <input_file_ref idref="fl-22"/>
      </object_component>
      <object_component id="oc-7e">
         <name>.text</name>
         <load_address>0x46728</load_address>
         <run_address>0x46728</run_address>
         <size>0xa</size>
         <input_file_ref idref="fl-2f"/>
      </object_component>
      <object_component id="oc-2f">
         <name>.text:CIO_breakpoint</name>
         <load_address>0x46732</load_address>
         <run_address>0x46732</run_address>
         <size>0x7</size>
         <input_file_ref idref="fl-1d"/>
      </object_component>
      <object_component id="oc-99">
         <name>.text</name>
         <load_address>0x46739</load_address>
         <run_address>0x46739</run_address>
         <size>0x2</size>
         <input_file_ref idref="fl-35"/>
      </object_component>
      <object_component id="oc-8d">
         <name>.cio</name>
         <uninitialized>true</uninitialized>
         <run_address>0x46c48</run_address>
         <size>0x240</size>
         <input_file_ref idref="fl-32"/>
      </object_component>
      <object_component id="oc-23">
         <name>.stack</name>
         <uninitialized>true</uninitialized>
         <run_address>0x22c0</run_address>
         <size>0x0</size>
         <input_file_ref idref="fl-1b"/>
      </object_component>
      <object_component id="oc-14a">
         <name>.stack</name>
         <uninitialized>true</uninitialized>
         <run_address>0x22c0</run_address>
         <size>0x0</size>
      </object_component>
      <object_component id="oc-12b">
         <name>.sysstack</name>
         <uninitialized>true</uninitialized>
         <run_address>0x24c0</run_address>
         <size>0x0</size>
         <input_file_ref idref="fl-1b"/>
      </object_component>
      <object_component id="oc-14c">
         <name>.sysstack</name>
         <uninitialized>true</uninitialized>
         <run_address>0x24c0</run_address>
         <size>0x0</size>
      </object_component>
      <object_component id="oc-73">
         <name>.sysmem</name>
         <uninitialized>true</uninitialized>
         <run_address>0x2c0</run_address>
         <size>0x0</size>
         <input_file_ref idref="fl-2c"/>
      </object_component>
      <object_component id="oc-14b">
         <name>.sysmem</name>
         <uninitialized>true</uninitialized>
         <run_address>0x2c0</run_address>
         <size>0x0</size>
      </object_component>
      <object_component id="oc-11">
         <name>.bss</name>
         <uninitialized>true</uninitialized>
         <run_address>0x83d4</run_address>
         <size>0x190</size>
         <input_file_ref idref="fl-2"/>
      </object_component>
      <object_component id="oc-2c">
         <name>.bss</name>
         <uninitialized>true</uninitialized>
         <run_address>0x865c</run_address>
         <size>0x8</size>
         <input_file_ref idref="fl-1d"/>
      </object_component>
      <object_component id="oc-4c">
         <name>.bss</name>
         <uninitialized>true</uninitialized>
         <run_address>0x8646</run_address>
         <size>0x2</size>
         <input_file_ref idref="fl-24"/>
      </object_component>
      <object_component id="oc-66">
         <name>.bss</name>
         <uninitialized>true</uninitialized>
         <run_address>0x8564</run_address>
         <size>0xe2</size>
         <input_file_ref idref="fl-2a"/>
      </object_component>
      <object_component id="oc-70">
         <name>.bss</name>
         <uninitialized>true</uninitialized>
         <run_address>0x8648</run_address>
         <size>0xc</size>
         <input_file_ref idref="fl-2c"/>
      </object_component>
      <object_component id="oc-87">
         <name>.bss</name>
         <uninitialized>true</uninitialized>
         <run_address>0x8232</run_address>
         <size>0x1a0</size>
         <input_file_ref idref="fl-31"/>
      </object_component>
      <object_component id="oc-a7">
         <name>.bss</name>
         <uninitialized>true</uninitialized>
         <run_address>0x8654</run_address>
         <size>0x8</size>
         <input_file_ref idref="fl-38"/>
      </object_component>
      <object_component id="oc-c8">
         <name>.bss</name>
         <uninitialized>true</uninitialized>
         <run_address>0x8000</run_address>
         <size>0x232</size>
         <input_file_ref idref="fl-40"/>
      </object_component>
      <object_component id="oc-123">
         <name>.bss</name>
         <uninitialized>true</uninitialized>
         <run_address>0x83d2</run_address>
         <size>0x2</size>
         <input_file_ref idref="fl-56"/>
      </object_component>
      <object_component id="oc-12d">
         <name>.const:__ctypes_</name>
         <load_address>0x4673c</load_address>
         <run_address>0x4673c</run_address>
         <size>0x202</size>
         <input_file_ref idref="fl-3f"/>
      </object_component>
      <object_component id="oc-15">
         <name>.const:.string</name>
         <load_address>0x46940</load_address>
         <run_address>0x46940</run_address>
         <size>0x1be</size>
         <input_file_ref idref="fl-2"/>
      </object_component>
      <object_component id="oc-af">
         <name>.const:.string</name>
         <load_address>0x46b00</load_address>
         <run_address>0x46b00</run_address>
         <size>0x48</size>
         <input_file_ref idref="fl-39"/>
      </object_component>
      <object_component id="oc-130">
         <name>.const:_digits</name>
         <load_address>0x46b48</load_address>
         <run_address>0x46b48</run_address>
         <size>0x28</size>
         <input_file_ref idref="fl-4f"/>
      </object_component>
      <object_component id="oc-132">
         <name>.const:_digits</name>
         <load_address>0x46b70</load_address>
         <run_address>0x46b70</run_address>
         <size>0x28</size>
         <input_file_ref idref="fl-51"/>
      </object_component>
      <object_component id="oc-131">
         <name>.const:_powerof10</name>
         <load_address>0x46b98</load_address>
         <run_address>0x46b98</run_address>
         <size>0x18</size>
         <input_file_ref idref="fl-4f"/>
      </object_component>
      <object_component id="oc-133">
         <name>.const:_powerof10</name>
         <load_address>0x46bb0</load_address>
         <run_address>0x46bb0</run_address>
         <size>0x18</size>
         <input_file_ref idref="fl-51"/>
      </object_component>
      <object_component id="oc-ae">
         <name>.const</name>
         <load_address>0x46bc8</load_address>
         <run_address>0x46bc8</run_address>
         <size>0x18</size>
         <input_file_ref idref="fl-39"/>
      </object_component>
      <object_component id="oc-12c">
         <name>.const:_initial_approx$1</name>
         <load_address>0x46be0</load_address>
         <run_address>0x46be0</run_address>
         <size>0x10</size>
         <input_file_ref idref="fl-1c"/>
      </object_component>
      <object_component id="oc-107">
         <name>.const</name>
         <load_address>0x46bf0</load_address>
         <run_address>0x46bf0</run_address>
         <size>0x10</size>
         <input_file_ref idref="fl-4f"/>
      </object_component>
      <object_component id="oc-110">
         <name>.const</name>
         <load_address>0x46c00</load_address>
         <run_address>0x46c00</run_address>
         <size>0x10</size>
         <input_file_ref idref="fl-51"/>
      </object_component>
      <object_component id="oc-12e">
         <name>.const:_flit$1</name>
         <load_address>0x46c10</load_address>
         <run_address>0x46c10</run_address>
         <size>0xe</size>
         <input_file_ref idref="fl-3a"/>
      </object_component>
      <object_component id="oc-12f">
         <name>.const:_barr$2</name>
         <load_address>0x46c1e</load_address>
         <run_address>0x46c1e</run_address>
         <size>0xc</size>
         <input_file_ref idref="fl-3a"/>
      </object_component>
      <object_component id="oc-14">
         <name>.const</name>
         <load_address>0x46c2c</load_address>
         <run_address>0x46c2c</run_address>
         <size>0xc</size>
         <input_file_ref idref="fl-2"/>
      </object_component>
      <object_component id="oc-da">
         <name>.const:.string</name>
         <load_address>0x46c38</load_address>
         <run_address>0x46c38</run_address>
         <size>0x4</size>
         <input_file_ref idref="fl-44"/>
      </object_component>
      <object_component id="oc-1b">
         <name>.const</name>
         <load_address>0x46c3c</load_address>
         <run_address>0x46c3c</run_address>
         <size>0x4</size>
         <input_file_ref idref="fl-3"/>
      </object_component>
      <object_component id="oc-48">
         <name>.const</name>
         <load_address>0x46c40</load_address>
         <run_address>0x46c40</run_address>
         <size>0x4</size>
         <input_file_ref idref="fl-23"/>
      </object_component>
      <object_component id="oc-12">
         <name>.debug_info</name>
         <load_address>0x0</load_address>
         <run_address>0x0</run_address>
         <size>0xad1</size>
         <input_file_ref idref="fl-2"/>
      </object_component>
      <object_component id="oc-1a">
         <name>.debug_info</name>
         <load_address>0xad1</load_address>
         <run_address>0xad1</run_address>
         <size>0x823</size>
         <input_file_ref idref="fl-3"/>
      </object_component>
      <object_component id="oc-20">
         <name>.debug_info</name>
         <load_address>0x12f4</load_address>
         <run_address>0x12f4</run_address>
         <size>0x5ab</size>
         <input_file_ref idref="fl-1a"/>
      </object_component>
      <object_component id="oc-24">
         <name>.debug_info</name>
         <load_address>0x189f</load_address>
         <run_address>0x189f</run_address>
         <size>0xe8</size>
         <input_file_ref idref="fl-1b"/>
      </object_component>
      <object_component id="oc-28">
         <name>.debug_info</name>
         <load_address>0x1987</load_address>
         <run_address>0x1987</run_address>
         <size>0x7e8</size>
         <input_file_ref idref="fl-1c"/>
      </object_component>
      <object_component id="oc-2d">
         <name>.debug_info</name>
         <load_address>0x216f</load_address>
         <run_address>0x216f</run_address>
         <size>0x5fb</size>
         <input_file_ref idref="fl-1d"/>
      </object_component>
      <object_component id="oc-33">
         <name>.debug_info</name>
         <load_address>0x276a</load_address>
         <run_address>0x276a</run_address>
         <size>0x64f</size>
         <input_file_ref idref="fl-1e"/>
      </object_component>
      <object_component id="oc-37">
         <name>.debug_info</name>
         <load_address>0x2db9</load_address>
         <run_address>0x2db9</run_address>
         <size>0x706</size>
         <input_file_ref idref="fl-1f"/>
      </object_component>
      <object_component id="oc-3b">
         <name>.debug_info</name>
         <load_address>0x34bf</load_address>
         <run_address>0x34bf</run_address>
         <size>0x4cf</size>
         <input_file_ref idref="fl-20"/>
      </object_component>
      <object_component id="oc-3f">
         <name>.debug_info</name>
         <load_address>0x398e</load_address>
         <run_address>0x398e</run_address>
         <size>0x534</size>
         <input_file_ref idref="fl-21"/>
      </object_component>
      <object_component id="oc-43">
         <name>.debug_info</name>
         <load_address>0x3ec2</load_address>
         <run_address>0x3ec2</run_address>
         <size>0x4cf</size>
         <input_file_ref idref="fl-22"/>
      </object_component>
      <object_component id="oc-47">
         <name>.debug_info</name>
         <load_address>0x4391</load_address>
         <run_address>0x4391</run_address>
         <size>0x549</size>
         <input_file_ref idref="fl-23"/>
      </object_component>
      <object_component id="oc-4d">
         <name>.debug_info</name>
         <load_address>0x48da</load_address>
         <run_address>0x48da</run_address>
         <size>0xa1c</size>
         <input_file_ref idref="fl-24"/>
      </object_component>
      <object_component id="oc-52">
         <name>.debug_info</name>
         <load_address>0x52f6</load_address>
         <run_address>0x52f6</run_address>
         <size>0x53e</size>
         <input_file_ref idref="fl-25"/>
      </object_component>
      <object_component id="oc-56">
         <name>.debug_info</name>
         <load_address>0x5834</load_address>
         <run_address>0x5834</run_address>
         <size>0x762</size>
         <input_file_ref idref="fl-26"/>
      </object_component>
      <object_component id="oc-5a">
         <name>.debug_info</name>
         <load_address>0x5f96</load_address>
         <run_address>0x5f96</run_address>
         <size>0xa2d</size>
         <input_file_ref idref="fl-27"/>
      </object_component>
      <object_component id="oc-5e">
         <name>.debug_info</name>
         <load_address>0x69c3</load_address>
         <run_address>0x69c3</run_address>
         <size>0x8f7</size>
         <input_file_ref idref="fl-28"/>
      </object_component>
      <object_component id="oc-62">
         <name>.debug_info</name>
         <load_address>0x72ba</load_address>
         <run_address>0x72ba</run_address>
         <size>0xbd</size>
         <input_file_ref idref="fl-29"/>
      </object_component>
      <object_component id="oc-67">
         <name>.debug_info</name>
         <load_address>0x7377</load_address>
         <run_address>0x7377</run_address>
         <size>0x144b</size>
         <input_file_ref idref="fl-2a"/>
      </object_component>
      <object_component id="oc-6c">
         <name>.debug_info</name>
         <load_address>0x87c2</load_address>
         <run_address>0x87c2</run_address>
         <size>0xd1</size>
         <input_file_ref idref="fl-2b"/>
      </object_component>
      <object_component id="oc-71">
         <name>.debug_info</name>
         <load_address>0x8893</load_address>
         <run_address>0x8893</run_address>
         <size>0xb97</size>
         <input_file_ref idref="fl-2c"/>
      </object_component>
      <object_component id="oc-77">
         <name>.debug_info</name>
         <load_address>0x942a</load_address>
         <run_address>0x942a</run_address>
         <size>0x55b</size>
         <input_file_ref idref="fl-2d"/>
      </object_component>
      <object_component id="oc-7b">
         <name>.debug_info</name>
         <load_address>0x9985</load_address>
         <run_address>0x9985</run_address>
         <size>0x76c</size>
         <input_file_ref idref="fl-2e"/>
      </object_component>
      <object_component id="oc-7f">
         <name>.debug_info</name>
         <load_address>0xa0f1</load_address>
         <run_address>0xa0f1</run_address>
         <size>0x510</size>
         <input_file_ref idref="fl-2f"/>
      </object_component>
      <object_component id="oc-83">
         <name>.debug_info</name>
         <load_address>0xa601</load_address>
         <run_address>0xa601</run_address>
         <size>0x4de</size>
         <input_file_ref idref="fl-30"/>
      </object_component>
      <object_component id="oc-88">
         <name>.debug_info</name>
         <load_address>0xaadf</load_address>
         <run_address>0xaadf</run_address>
         <size>0xed4</size>
         <input_file_ref idref="fl-31"/>
      </object_component>
      <object_component id="oc-8c">
         <name>.debug_info</name>
         <load_address>0xb9b3</load_address>
         <run_address>0xb9b3</run_address>
         <size>0x744</size>
         <input_file_ref idref="fl-32"/>
      </object_component>
      <object_component id="oc-92">
         <name>.debug_info</name>
         <load_address>0xc0f7</load_address>
         <run_address>0xc0f7</run_address>
         <size>0xef</size>
         <input_file_ref idref="fl-33"/>
      </object_component>
      <object_component id="oc-96">
         <name>.debug_info</name>
         <load_address>0xc1e6</load_address>
         <run_address>0xc1e6</run_address>
         <size>0x5c9</size>
         <input_file_ref idref="fl-34"/>
      </object_component>
      <object_component id="oc-9b">
         <name>.debug_info</name>
         <load_address>0xc7af</load_address>
         <run_address>0xc7af</run_address>
         <size>0xbc</size>
         <input_file_ref idref="fl-35"/>
      </object_component>
      <object_component id="oc-9f">
         <name>.debug_info</name>
         <load_address>0xc86b</load_address>
         <run_address>0xc86b</run_address>
         <size>0x6b8</size>
         <input_file_ref idref="fl-36"/>
      </object_component>
      <object_component id="oc-a3">
         <name>.debug_info</name>
         <load_address>0xcf23</load_address>
         <run_address>0xcf23</run_address>
         <size>0x662</size>
         <input_file_ref idref="fl-37"/>
      </object_component>
      <object_component id="oc-a8">
         <name>.debug_info</name>
         <load_address>0xd585</load_address>
         <run_address>0xd585</run_address>
         <size>0x5bc</size>
         <input_file_ref idref="fl-38"/>
      </object_component>
      <object_component id="oc-ad">
         <name>.debug_info</name>
         <load_address>0xdb41</load_address>
         <run_address>0xdb41</run_address>
         <size>0x27bd</size>
         <input_file_ref idref="fl-39"/>
      </object_component>
      <object_component id="oc-b3">
         <name>.debug_info</name>
         <load_address>0x102fe</load_address>
         <run_address>0x102fe</run_address>
         <size>0x1964</size>
         <input_file_ref idref="fl-3a"/>
      </object_component>
      <object_component id="oc-b7">
         <name>.debug_info</name>
         <load_address>0x11c62</load_address>
         <run_address>0x11c62</run_address>
         <size>0x586</size>
         <input_file_ref idref="fl-3b"/>
      </object_component>
      <object_component id="oc-bb">
         <name>.debug_info</name>
         <load_address>0x121e8</load_address>
         <run_address>0x121e8</run_address>
         <size>0x5a4</size>
         <input_file_ref idref="fl-3c"/>
      </object_component>
      <object_component id="oc-bf">
         <name>.debug_info</name>
         <load_address>0x1278c</load_address>
         <run_address>0x1278c</run_address>
         <size>0xcd</size>
         <input_file_ref idref="fl-3d"/>
      </object_component>
      <object_component id="oc-c3">
         <name>.debug_info</name>
         <load_address>0x12859</load_address>
         <run_address>0x12859</run_address>
         <size>0x81f</size>
         <input_file_ref idref="fl-3e"/>
      </object_component>
      <object_component id="oc-c6">
         <name>.debug_info</name>
         <load_address>0x13078</load_address>
         <run_address>0x13078</run_address>
         <size>0x498</size>
         <input_file_ref idref="fl-3f"/>
      </object_component>
      <object_component id="oc-c9">
         <name>.debug_info</name>
         <load_address>0x13510</load_address>
         <run_address>0x13510</run_address>
         <size>0x57e</size>
         <input_file_ref idref="fl-40"/>
      </object_component>
      <object_component id="oc-cd">
         <name>.debug_info</name>
         <load_address>0x13a8e</load_address>
         <run_address>0x13a8e</run_address>
         <size>0x534</size>
         <input_file_ref idref="fl-41"/>
      </object_component>
      <object_component id="oc-d1">
         <name>.debug_info</name>
         <load_address>0x13fc2</load_address>
         <run_address>0x13fc2</run_address>
         <size>0x670</size>
         <input_file_ref idref="fl-42"/>
      </object_component>
      <object_component id="oc-d5">
         <name>.debug_info</name>
         <load_address>0x14632</load_address>
         <run_address>0x14632</run_address>
         <size>0x6aa</size>
         <input_file_ref idref="fl-43"/>
      </object_component>
      <object_component id="oc-d9">
         <name>.debug_info</name>
         <load_address>0x14cdc</load_address>
         <run_address>0x14cdc</run_address>
         <size>0x942</size>
         <input_file_ref idref="fl-44"/>
      </object_component>
      <object_component id="oc-de">
         <name>.debug_info</name>
         <load_address>0x1561e</load_address>
         <run_address>0x1561e</run_address>
         <size>0x4d2</size>
         <input_file_ref idref="fl-45"/>
      </object_component>
      <object_component id="oc-e2">
         <name>.debug_info</name>
         <load_address>0x15af0</load_address>
         <run_address>0x15af0</run_address>
         <size>0x5f7</size>
         <input_file_ref idref="fl-46"/>
      </object_component>
      <object_component id="oc-e6">
         <name>.debug_info</name>
         <load_address>0x160e7</load_address>
         <run_address>0x160e7</run_address>
         <size>0x680</size>
         <input_file_ref idref="fl-47"/>
      </object_component>
      <object_component id="oc-ea">
         <name>.debug_info</name>
         <load_address>0x16767</load_address>
         <run_address>0x16767</run_address>
         <size>0x7d4</size>
         <input_file_ref idref="fl-48"/>
      </object_component>
      <object_component id="oc-ee">
         <name>.debug_info</name>
         <load_address>0x16f3b</load_address>
         <run_address>0x16f3b</run_address>
         <size>0x5ad</size>
         <input_file_ref idref="fl-49"/>
      </object_component>
      <object_component id="oc-f2">
         <name>.debug_info</name>
         <load_address>0x174e8</load_address>
         <run_address>0x174e8</run_address>
         <size>0x574</size>
         <input_file_ref idref="fl-4a"/>
      </object_component>
      <object_component id="oc-f6">
         <name>.debug_info</name>
         <load_address>0x17a5c</load_address>
         <run_address>0x17a5c</run_address>
         <size>0x4b7</size>
         <input_file_ref idref="fl-4b"/>
      </object_component>
      <object_component id="oc-fa">
         <name>.debug_info</name>
         <load_address>0x17f13</load_address>
         <run_address>0x17f13</run_address>
         <size>0x4f2</size>
         <input_file_ref idref="fl-4c"/>
      </object_component>
      <object_component id="oc-fe">
         <name>.debug_info</name>
         <load_address>0x18405</load_address>
         <run_address>0x18405</run_address>
         <size>0x534</size>
         <input_file_ref idref="fl-4d"/>
      </object_component>
      <object_component id="oc-102">
         <name>.debug_info</name>
         <load_address>0x18939</load_address>
         <run_address>0x18939</run_address>
         <size>0x64a</size>
         <input_file_ref idref="fl-4e"/>
      </object_component>
      <object_component id="oc-106">
         <name>.debug_info</name>
         <load_address>0x18f83</load_address>
         <run_address>0x18f83</run_address>
         <size>0x84f</size>
         <input_file_ref idref="fl-4f"/>
      </object_component>
      <object_component id="oc-10b">
         <name>.debug_info</name>
         <load_address>0x197d2</load_address>
         <run_address>0x197d2</run_address>
         <size>0x671</size>
         <input_file_ref idref="fl-50"/>
      </object_component>
      <object_component id="oc-10f">
         <name>.debug_info</name>
         <load_address>0x19e43</load_address>
         <run_address>0x19e43</run_address>
         <size>0x860</size>
         <input_file_ref idref="fl-51"/>
      </object_component>
      <object_component id="oc-114">
         <name>.debug_info</name>
         <load_address>0x1a6a3</load_address>
         <run_address>0x1a6a3</run_address>
         <size>0x67d</size>
         <input_file_ref idref="fl-52"/>
      </object_component>
      <object_component id="oc-118">
         <name>.debug_info</name>
         <load_address>0x1ad20</load_address>
         <run_address>0x1ad20</run_address>
         <size>0x65a</size>
         <input_file_ref idref="fl-53"/>
      </object_component>
      <object_component id="oc-11c">
         <name>.debug_info</name>
         <load_address>0x1b37a</load_address>
         <run_address>0x1b37a</run_address>
         <size>0x665</size>
         <input_file_ref idref="fl-54"/>
      </object_component>
      <object_component id="oc-120">
         <name>.debug_info</name>
         <load_address>0x1b9df</load_address>
         <run_address>0x1b9df</run_address>
         <size>0x4f2</size>
         <input_file_ref idref="fl-55"/>
      </object_component>
      <object_component id="oc-124">
         <name>.debug_info</name>
         <load_address>0x1bed1</load_address>
         <run_address>0x1bed1</run_address>
         <size>0x47b</size>
         <input_file_ref idref="fl-56"/>
      </object_component>
      <object_component id="oc-128">
         <name>.debug_info</name>
         <load_address>0x1c34c</load_address>
         <run_address>0x1c34c</run_address>
         <size>0xeb</size>
         <input_file_ref idref="fl-57"/>
      </object_component>
      <object_component id="oc-14e">
         <name>.debug_info</name>
         <load_address>0x1c437</load_address>
         <run_address>0x1c437</run_address>
         <size>0x6e</size>
      </object_component>
      <object_component id="oc-16">
         <name>.debug_frame</name>
         <load_address>0x0</load_address>
         <run_address>0x0</run_address>
         <size>0xe5</size>
         <input_file_ref idref="fl-2"/>
      </object_component>
      <object_component id="oc-1c">
         <name>.debug_frame</name>
         <load_address>0xe5</load_address>
         <run_address>0xe5</run_address>
         <size>0xe5</size>
         <input_file_ref idref="fl-3"/>
      </object_component>
      <object_component id="oc-17">
         <name>.debug_line</name>
         <load_address>0x0</load_address>
         <run_address>0x0</run_address>
         <size>0xcb</size>
         <input_file_ref idref="fl-2"/>
      </object_component>
      <object_component id="oc-1d">
         <name>.debug_line</name>
         <load_address>0xcb</load_address>
         <run_address>0xcb</run_address>
         <size>0x9e</size>
         <input_file_ref idref="fl-3"/>
      </object_component>
      <object_component id="oc-21">
         <name>.debug_line</name>
         <load_address>0x169</load_address>
         <run_address>0x169</run_address>
         <size>0x5c</size>
         <input_file_ref idref="fl-1a"/>
      </object_component>
      <object_component id="oc-25">
         <name>.debug_line</name>
         <load_address>0x1c5</load_address>
         <run_address>0x1c5</run_address>
         <size>0x54</size>
         <input_file_ref idref="fl-1b"/>
      </object_component>
      <object_component id="oc-29">
         <name>.debug_line</name>
         <load_address>0x219</load_address>
         <run_address>0x219</run_address>
         <size>0x5b</size>
         <input_file_ref idref="fl-1c"/>
      </object_component>
      <object_component id="oc-30">
         <name>.debug_line</name>
         <load_address>0x274</load_address>
         <run_address>0x274</run_address>
         <size>0x51</size>
         <input_file_ref idref="fl-1d"/>
      </object_component>
      <object_component id="oc-34">
         <name>.debug_line</name>
         <load_address>0x2c5</load_address>
         <run_address>0x2c5</run_address>
         <size>0x3d</size>
         <input_file_ref idref="fl-1e"/>
      </object_component>
      <object_component id="oc-38">
         <name>.debug_line</name>
         <load_address>0x302</load_address>
         <run_address>0x302</run_address>
         <size>0x5b</size>
         <input_file_ref idref="fl-1f"/>
      </object_component>
      <object_component id="oc-3c">
         <name>.debug_line</name>
         <load_address>0x35d</load_address>
         <run_address>0x35d</run_address>
         <size>0x3d</size>
         <input_file_ref idref="fl-20"/>
      </object_component>
      <object_component id="oc-40">
         <name>.debug_line</name>
         <load_address>0x39a</load_address>
         <run_address>0x39a</run_address>
         <size>0x3d</size>
         <input_file_ref idref="fl-21"/>
      </object_component>
      <object_component id="oc-44">
         <name>.debug_line</name>
         <load_address>0x3d7</load_address>
         <run_address>0x3d7</run_address>
         <size>0x3d</size>
         <input_file_ref idref="fl-22"/>
      </object_component>
      <object_component id="oc-49">
         <name>.debug_line</name>
         <load_address>0x414</load_address>
         <run_address>0x414</run_address>
         <size>0x44</size>
         <input_file_ref idref="fl-23"/>
      </object_component>
      <object_component id="oc-4f">
         <name>.debug_line</name>
         <load_address>0x458</load_address>
         <run_address>0x458</run_address>
         <size>0xd7</size>
         <input_file_ref idref="fl-24"/>
      </object_component>
      <object_component id="oc-53">
         <name>.debug_line</name>
         <load_address>0x52f</load_address>
         <run_address>0x52f</run_address>
         <size>0x40</size>
         <input_file_ref idref="fl-25"/>
      </object_component>
      <object_component id="oc-57">
         <name>.debug_line</name>
         <load_address>0x56f</load_address>
         <run_address>0x56f</run_address>
         <size>0x4d</size>
         <input_file_ref idref="fl-26"/>
      </object_component>
      <object_component id="oc-5b">
         <name>.debug_line</name>
         <load_address>0x5bc</load_address>
         <run_address>0x5bc</run_address>
         <size>0xa7</size>
         <input_file_ref idref="fl-27"/>
      </object_component>
      <object_component id="oc-5f">
         <name>.debug_line</name>
         <load_address>0x663</load_address>
         <run_address>0x663</run_address>
         <size>0x97</size>
         <input_file_ref idref="fl-28"/>
      </object_component>
      <object_component id="oc-63">
         <name>.debug_line</name>
         <load_address>0x6fa</load_address>
         <run_address>0x6fa</run_address>
         <size>0x3c</size>
         <input_file_ref idref="fl-29"/>
      </object_component>
      <object_component id="oc-69">
         <name>.debug_line</name>
         <load_address>0x736</load_address>
         <run_address>0x736</run_address>
         <size>0x1b0</size>
         <input_file_ref idref="fl-2a"/>
      </object_component>
      <object_component id="oc-6d">
         <name>.debug_line</name>
         <load_address>0x8e6</load_address>
         <run_address>0x8e6</run_address>
         <size>0x4d</size>
         <input_file_ref idref="fl-2b"/>
      </object_component>
      <object_component id="oc-74">
         <name>.debug_line</name>
         <load_address>0x933</load_address>
         <run_address>0x933</run_address>
         <size>0x112</size>
         <input_file_ref idref="fl-2c"/>
      </object_component>
      <object_component id="oc-78">
         <name>.debug_line</name>
         <load_address>0xa45</load_address>
         <run_address>0xa45</run_address>
         <size>0x3c</size>
         <input_file_ref idref="fl-2d"/>
      </object_component>
      <object_component id="oc-7c">
         <name>.debug_line</name>
         <load_address>0xa81</load_address>
         <run_address>0xa81</run_address>
         <size>0x69</size>
         <input_file_ref idref="fl-2e"/>
      </object_component>
      <object_component id="oc-80">
         <name>.debug_line</name>
         <load_address>0xaea</load_address>
         <run_address>0xaea</run_address>
         <size>0x39</size>
         <input_file_ref idref="fl-2f"/>
      </object_component>
      <object_component id="oc-84">
         <name>.debug_line</name>
         <load_address>0xb23</load_address>
         <run_address>0xb23</run_address>
         <size>0x37</size>
         <input_file_ref idref="fl-30"/>
      </object_component>
      <object_component id="oc-89">
         <name>.debug_line</name>
         <load_address>0xb5a</load_address>
         <run_address>0xb5a</run_address>
         <size>0x15d</size>
         <input_file_ref idref="fl-31"/>
      </object_component>
      <object_component id="oc-8f">
         <name>.debug_line</name>
         <load_address>0xcb7</load_address>
         <run_address>0xcb7</run_address>
         <size>0x6a</size>
         <input_file_ref idref="fl-32"/>
      </object_component>
      <object_component id="oc-93">
         <name>.debug_line</name>
         <load_address>0xd21</load_address>
         <run_address>0xd21</run_address>
         <size>0x58</size>
         <input_file_ref idref="fl-33"/>
      </object_component>
      <object_component id="oc-97">
         <name>.debug_line</name>
         <load_address>0xd79</load_address>
         <run_address>0xd79</run_address>
         <size>0x3d</size>
         <input_file_ref idref="fl-34"/>
      </object_component>
      <object_component id="oc-9c">
         <name>.debug_line</name>
         <load_address>0xdb6</load_address>
         <run_address>0xdb6</run_address>
         <size>0x37</size>
         <input_file_ref idref="fl-35"/>
      </object_component>
      <object_component id="oc-a0">
         <name>.debug_line</name>
         <load_address>0xded</load_address>
         <run_address>0xded</run_address>
         <size>0x4c</size>
         <input_file_ref idref="fl-36"/>
      </object_component>
      <object_component id="oc-a4">
         <name>.debug_line</name>
         <load_address>0xe39</load_address>
         <run_address>0xe39</run_address>
         <size>0x57</size>
         <input_file_ref idref="fl-37"/>
      </object_component>
      <object_component id="oc-aa">
         <name>.debug_line</name>
         <load_address>0xe90</load_address>
         <run_address>0xe90</run_address>
         <size>0x57</size>
         <input_file_ref idref="fl-38"/>
      </object_component>
      <object_component id="oc-b0">
         <name>.debug_line</name>
         <load_address>0xee7</load_address>
         <run_address>0xee7</run_address>
         <size>0x328</size>
         <input_file_ref idref="fl-39"/>
      </object_component>
      <object_component id="oc-b4">
         <name>.debug_line</name>
         <load_address>0x120f</load_address>
         <run_address>0x120f</run_address>
         <size>0x152</size>
         <input_file_ref idref="fl-3a"/>
      </object_component>
      <object_component id="oc-b8">
         <name>.debug_line</name>
         <load_address>0x1361</load_address>
         <run_address>0x1361</run_address>
         <size>0x41</size>
         <input_file_ref idref="fl-3b"/>
      </object_component>
      <object_component id="oc-bc">
         <name>.debug_line</name>
         <load_address>0x13a2</load_address>
         <run_address>0x13a2</run_address>
         <size>0x46</size>
         <input_file_ref idref="fl-3c"/>
      </object_component>
      <object_component id="oc-c0">
         <name>.debug_line</name>
         <load_address>0x13e8</load_address>
         <run_address>0x13e8</run_address>
         <size>0x55</size>
         <input_file_ref idref="fl-3d"/>
      </object_component>
      <object_component id="oc-c4">
         <name>.debug_line</name>
         <load_address>0x143d</load_address>
         <run_address>0x143d</run_address>
         <size>0xad</size>
         <input_file_ref idref="fl-3e"/>
      </object_component>
      <object_component id="oc-ce">
         <name>.debug_line</name>
         <load_address>0x14ea</load_address>
         <run_address>0x14ea</run_address>
         <size>0x44</size>
         <input_file_ref idref="fl-41"/>
      </object_component>
      <object_component id="oc-d2">
         <name>.debug_line</name>
         <load_address>0x152e</load_address>
         <run_address>0x152e</run_address>
         <size>0x56</size>
         <input_file_ref idref="fl-42"/>
      </object_component>
      <object_component id="oc-d6">
         <name>.debug_line</name>
         <load_address>0x1584</load_address>
         <run_address>0x1584</run_address>
         <size>0x56</size>
         <input_file_ref idref="fl-43"/>
      </object_component>
      <object_component id="oc-db">
         <name>.debug_line</name>
         <load_address>0x15da</load_address>
         <run_address>0x15da</run_address>
         <size>0xa8</size>
         <input_file_ref idref="fl-44"/>
      </object_component>
      <object_component id="oc-df">
         <name>.debug_line</name>
         <load_address>0x1682</load_address>
         <run_address>0x1682</run_address>
         <size>0x3a</size>
         <input_file_ref idref="fl-45"/>
      </object_component>
      <object_component id="oc-e3">
         <name>.debug_line</name>
         <load_address>0x16bc</load_address>
         <run_address>0x16bc</run_address>
         <size>0x3c</size>
         <input_file_ref idref="fl-46"/>
      </object_component>
      <object_component id="oc-e7">
         <name>.debug_line</name>
         <load_address>0x16f8</load_address>
         <run_address>0x16f8</run_address>
         <size>0x38</size>
         <input_file_ref idref="fl-47"/>
      </object_component>
      <object_component id="oc-eb">
         <name>.debug_line</name>
         <load_address>0x1730</load_address>
         <run_address>0x1730</run_address>
         <size>0xa8</size>
         <input_file_ref idref="fl-48"/>
      </object_component>
      <object_component id="oc-ef">
         <name>.debug_line</name>
         <load_address>0x17d8</load_address>
         <run_address>0x17d8</run_address>
         <size>0x40</size>
         <input_file_ref idref="fl-49"/>
      </object_component>
      <object_component id="oc-f3">
         <name>.debug_line</name>
         <load_address>0x1818</load_address>
         <run_address>0x1818</run_address>
         <size>0x3c</size>
         <input_file_ref idref="fl-4a"/>
      </object_component>
      <object_component id="oc-f7">
         <name>.debug_line</name>
         <load_address>0x1854</load_address>
         <run_address>0x1854</run_address>
         <size>0x37</size>
         <input_file_ref idref="fl-4b"/>
      </object_component>
      <object_component id="oc-fb">
         <name>.debug_line</name>
         <load_address>0x188b</load_address>
         <run_address>0x188b</run_address>
         <size>0x3c</size>
         <input_file_ref idref="fl-4c"/>
      </object_component>
      <object_component id="oc-ff">
         <name>.debug_line</name>
         <load_address>0x18c7</load_address>
         <run_address>0x18c7</run_address>
         <size>0x44</size>
         <input_file_ref idref="fl-4d"/>
      </object_component>
      <object_component id="oc-103">
         <name>.debug_line</name>
         <load_address>0x190b</load_address>
         <run_address>0x190b</run_address>
         <size>0x3f</size>
         <input_file_ref idref="fl-4e"/>
      </object_component>
      <object_component id="oc-108">
         <name>.debug_line</name>
         <load_address>0x194a</load_address>
         <run_address>0x194a</run_address>
         <size>0x69</size>
         <input_file_ref idref="fl-4f"/>
      </object_component>
      <object_component id="oc-10c">
         <name>.debug_line</name>
         <load_address>0x19b3</load_address>
         <run_address>0x19b3</run_address>
         <size>0x3d</size>
         <input_file_ref idref="fl-50"/>
      </object_component>
      <object_component id="oc-111">
         <name>.debug_line</name>
         <load_address>0x19f0</load_address>
         <run_address>0x19f0</run_address>
         <size>0x6a</size>
         <input_file_ref idref="fl-51"/>
      </object_component>
      <object_component id="oc-115">
         <name>.debug_line</name>
         <load_address>0x1a5a</load_address>
         <run_address>0x1a5a</run_address>
         <size>0x3e</size>
         <input_file_ref idref="fl-52"/>
      </object_component>
      <object_component id="oc-119">
         <name>.debug_line</name>
         <load_address>0x1a98</load_address>
         <run_address>0x1a98</run_address>
         <size>0x3f</size>
         <input_file_ref idref="fl-53"/>
      </object_component>
      <object_component id="oc-11d">
         <name>.debug_line</name>
         <load_address>0x1ad7</load_address>
         <run_address>0x1ad7</run_address>
         <size>0x40</size>
         <input_file_ref idref="fl-54"/>
      </object_component>
      <object_component id="oc-121">
         <name>.debug_line</name>
         <load_address>0x1b17</load_address>
         <run_address>0x1b17</run_address>
         <size>0x3c</size>
         <input_file_ref idref="fl-55"/>
      </object_component>
      <object_component id="oc-129">
         <name>.debug_line</name>
         <load_address>0x1b53</load_address>
         <run_address>0x1b53</run_address>
         <size>0x5c</size>
         <input_file_ref idref="fl-57"/>
      </object_component>
      <object_component id="oc-18">
         <name>.debug_abbrev</name>
         <load_address>0x0</load_address>
         <run_address>0x0</run_address>
         <size>0x137</size>
         <input_file_ref idref="fl-2"/>
      </object_component>
      <object_component id="oc-1e">
         <name>.debug_abbrev</name>
         <load_address>0x137</load_address>
         <run_address>0x137</run_address>
         <size>0xc4</size>
         <input_file_ref idref="fl-3"/>
      </object_component>
      <object_component id="oc-22">
         <name>.debug_abbrev</name>
         <load_address>0x1fb</load_address>
         <run_address>0x1fb</run_address>
         <size>0xd4</size>
         <input_file_ref idref="fl-1a"/>
      </object_component>
      <object_component id="oc-26">
         <name>.debug_abbrev</name>
         <load_address>0x2cf</load_address>
         <run_address>0x2cf</run_address>
         <size>0x3a</size>
         <input_file_ref idref="fl-1b"/>
      </object_component>
      <object_component id="oc-2a">
         <name>.debug_abbrev</name>
         <load_address>0x309</load_address>
         <run_address>0x309</run_address>
         <size>0x112</size>
         <input_file_ref idref="fl-1c"/>
      </object_component>
      <object_component id="oc-31">
         <name>.debug_abbrev</name>
         <load_address>0x41b</load_address>
         <run_address>0x41b</run_address>
         <size>0xf7</size>
         <input_file_ref idref="fl-1d"/>
      </object_component>
      <object_component id="oc-35">
         <name>.debug_abbrev</name>
         <load_address>0x512</load_address>
         <run_address>0x512</run_address>
         <size>0x118</size>
         <input_file_ref idref="fl-1e"/>
      </object_component>
      <object_component id="oc-39">
         <name>.debug_abbrev</name>
         <load_address>0x62a</load_address>
         <run_address>0x62a</run_address>
         <size>0x136</size>
         <input_file_ref idref="fl-1f"/>
      </object_component>
      <object_component id="oc-3d">
         <name>.debug_abbrev</name>
         <load_address>0x760</load_address>
         <run_address>0x760</run_address>
         <size>0x8f</size>
         <input_file_ref idref="fl-20"/>
      </object_component>
      <object_component id="oc-41">
         <name>.debug_abbrev</name>
         <load_address>0x7ef</load_address>
         <run_address>0x7ef</run_address>
         <size>0xb7</size>
         <input_file_ref idref="fl-21"/>
      </object_component>
      <object_component id="oc-45">
         <name>.debug_abbrev</name>
         <load_address>0x8a6</load_address>
         <run_address>0x8a6</run_address>
         <size>0x8f</size>
         <input_file_ref idref="fl-22"/>
      </object_component>
      <object_component id="oc-4a">
         <name>.debug_abbrev</name>
         <load_address>0x935</load_address>
         <run_address>0x935</run_address>
         <size>0xc2</size>
         <input_file_ref idref="fl-23"/>
      </object_component>
      <object_component id="oc-50">
         <name>.debug_abbrev</name>
         <load_address>0x9f7</load_address>
         <run_address>0x9f7</run_address>
         <size>0x1a2</size>
         <input_file_ref idref="fl-24"/>
      </object_component>
      <object_component id="oc-54">
         <name>.debug_abbrev</name>
         <load_address>0xb99</load_address>
         <run_address>0xb99</run_address>
         <size>0x9a</size>
         <input_file_ref idref="fl-25"/>
      </object_component>
      <object_component id="oc-58">
         <name>.debug_abbrev</name>
         <load_address>0xc33</load_address>
         <run_address>0xc33</run_address>
         <size>0x111</size>
         <input_file_ref idref="fl-26"/>
      </object_component>
      <object_component id="oc-5c">
         <name>.debug_abbrev</name>
         <load_address>0xd44</load_address>
         <run_address>0xd44</run_address>
         <size>0x1a2</size>
         <input_file_ref idref="fl-27"/>
      </object_component>
      <object_component id="oc-60">
         <name>.debug_abbrev</name>
         <load_address>0xee6</load_address>
         <run_address>0xee6</run_address>
         <size>0x11e</size>
         <input_file_ref idref="fl-28"/>
      </object_component>
      <object_component id="oc-64">
         <name>.debug_abbrev</name>
         <load_address>0x1004</load_address>
         <run_address>0x1004</run_address>
         <size>0x38</size>
         <input_file_ref idref="fl-29"/>
      </object_component>
      <object_component id="oc-6a">
         <name>.debug_abbrev</name>
         <load_address>0x103c</load_address>
         <run_address>0x103c</run_address>
         <size>0x225</size>
         <input_file_ref idref="fl-2a"/>
      </object_component>
      <object_component id="oc-6e">
         <name>.debug_abbrev</name>
         <load_address>0x1261</load_address>
         <run_address>0x1261</run_address>
         <size>0x38</size>
         <input_file_ref idref="fl-2b"/>
      </object_component>
      <object_component id="oc-75">
         <name>.debug_abbrev</name>
         <load_address>0x1299</load_address>
         <run_address>0x1299</run_address>
         <size>0x1de</size>
         <input_file_ref idref="fl-2c"/>
      </object_component>
      <object_component id="oc-79">
         <name>.debug_abbrev</name>
         <load_address>0x1477</load_address>
         <run_address>0x1477</run_address>
         <size>0xdc</size>
         <input_file_ref idref="fl-2d"/>
      </object_component>
      <object_component id="oc-7d">
         <name>.debug_abbrev</name>
         <load_address>0x1553</load_address>
         <run_address>0x1553</run_address>
         <size>0x145</size>
         <input_file_ref idref="fl-2e"/>
      </object_component>
      <object_component id="oc-81">
         <name>.debug_abbrev</name>
         <load_address>0x1698</load_address>
         <run_address>0x1698</run_address>
         <size>0xbf</size>
         <input_file_ref idref="fl-2f"/>
      </object_component>
      <object_component id="oc-85">
         <name>.debug_abbrev</name>
         <load_address>0x1757</load_address>
         <run_address>0x1757</run_address>
         <size>0x8f</size>
         <input_file_ref idref="fl-30"/>
      </object_component>
      <object_component id="oc-8a">
         <name>.debug_abbrev</name>
         <load_address>0x17e6</load_address>
         <run_address>0x17e6</run_address>
         <size>0x15a</size>
         <input_file_ref idref="fl-31"/>
      </object_component>
      <object_component id="oc-90">
         <name>.debug_abbrev</name>
         <load_address>0x1940</load_address>
         <run_address>0x1940</run_address>
         <size>0xde</size>
         <input_file_ref idref="fl-32"/>
      </object_component>
      <object_component id="oc-94">
         <name>.debug_abbrev</name>
         <load_address>0x1a1e</load_address>
         <run_address>0x1a1e</run_address>
         <size>0x38</size>
         <input_file_ref idref="fl-33"/>
      </object_component>
      <object_component id="oc-98">
         <name>.debug_abbrev</name>
         <load_address>0x1a56</load_address>
         <run_address>0x1a56</run_address>
         <size>0xd1</size>
         <input_file_ref idref="fl-34"/>
      </object_component>
      <object_component id="oc-9d">
         <name>.debug_abbrev</name>
         <load_address>0x1b27</load_address>
         <run_address>0x1b27</run_address>
         <size>0x26</size>
         <input_file_ref idref="fl-35"/>
      </object_component>
      <object_component id="oc-a1">
         <name>.debug_abbrev</name>
[...]
      <symbol id="sm-96">
         <name>__addd</name>
         <value>0x444a5</value>
         <object_component_ref idref="oc-1f"/>
      </symbol>
      <symbol id="sm-a2">
         <name>__sysstack</name>
         <value>0x24c0</value>
         <object_component_ref idref="oc-12b"/>
      </symbol>
      <symbol id="sm-a3">
         <name>_c_int00</name>
         <value>0x4660e</value>
         <object_component_ref idref="oc-f"/>
      </symbol>
      <symbol id="sm-a4">
         <name>__stack</name>
         <value>0x22c0</value>
         <object_component_ref idref="oc-23"/>
      </symbol>
      <symbol id="sm-b0">
         <name>__divd</name>
         <value>0x4339f</value>
         <object_component_ref idref="oc-27"/>
      </symbol>
      <symbol id="sm-c0">
         <name>C$$EXIT</name>
         <value>0x46733</value>
         <object_component_ref idref="oc-2f"/>
      </symbol>
      <symbol id="sm-c1">
         <name>_exit</name>
         <value>0x46594</value>
         <object_component_ref idref="oc-2b"/>
      </symbol>
      <symbol id="sm-c2">
         <name>_abort</name>
         <value>0x46732</value>
         <object_component_ref idref="oc-2f"/>
      </symbol>
      <symbol id="sm-c3">
         <name>__cleanup_ptr</name>
         <value>0x865c</value>
         <object_component_ref idref="oc-2c"/>
      </symbol>
      <symbol id="sm-c4">
         <name>__dtors_ptr</name>
         <value>0x8660</value>
         <object_component_ref idref="oc-2c"/>
      </symbol>
      <symbol id="sm-ce">
         <name>_fclose</name>
         <value>0x45ffa</value>
         <object_component_ref idref="oc-32"/>
      </symbol>
      <symbol id="sm-d8">
         <name>__doflush</name>
         <value>0x45ad7</value>
         <object_component_ref idref="oc-36"/>
      </symbol>
      <symbol id="sm-d9">
         <name>_fflush</name>
         <value>0x45b40</value>
         <object_component_ref idref="oc-36"/>
      </symbol>
      <symbol id="sm-e3">
         <name>__fixdi</name>
         <value>0x46642</value>
         <object_component_ref idref="oc-3a"/>
      </symbol>
      <symbol id="sm-ed">
         <name>__fixdli</name>
         <value>0x461d0</value>
         <object_component_ref idref="oc-3e"/>
      </symbol>
      <symbol id="sm-f7">
         <name>__fltid</name>
         <value>0x4671c</value>
         <object_component_ref idref="oc-42"/>
      </symbol>
      <symbol id="sm-103">
         <name>__fltlid</name>
         <value>0x46317</value>
         <object_component_ref idref="oc-46"/>
      </symbol>
      <symbol id="sm-112">
         <name>__cleanup</name>
         <value>0x440e9</value>
         <object_component_ref idref="oc-4b"/>
      </symbol>
      <symbol id="sm-113">
         <name>_fopen</name>
         <value>0x4420c</value>
         <object_component_ref idref="oc-4b"/>
      </symbol>
      <symbol id="sm-114">
         <name>_freopen</name>
         <value>0x44143</value>
         <object_component_ref idref="oc-4b"/>
      </symbol>
      <symbol id="sm-11e">
         <name>__frcmpyd_div</name>
         <value>0x460eb</value>
         <object_component_ref idref="oc-51"/>
      </symbol>
      <symbol id="sm-128">
         <name>_fread</name>
         <value>0x456f7</value>
         <object_component_ref idref="oc-55"/>
      </symbol>
      <symbol id="sm-132">
         <name>_fscanf</name>
         <value>0x45486</value>
         <object_component_ref idref="oc-59"/>
      </symbol>
      <symbol id="sm-133">
         <name>_scanf</name>
         <value>0x4544a</value>
         <object_component_ref idref="oc-59"/>
      </symbol>
      <symbol id="sm-13f">
         <name>_fwrite</name>
         <value>0x44b52</value>
         <object_component_ref idref="oc-5d"/>
      </symbol>
      <symbol id="sm-147">
         <name>__mpyli</name>
         <value>0x466e7</value>
         <object_component_ref idref="oc-61"/>
      </symbol>
      <symbol id="sm-148">
         <name>I$$LMPY</name>
         <value>0x466e7</value>
         <object_component_ref idref="oc-61"/>
      </symbol>
      <symbol id="sm-15a">
         <name>_add_device</name>
         <value>0x428d2</value>
         <object_component_ref idref="oc-65"/>
      </symbol>
      <symbol id="sm-15b">
         <name>_rename</name>
         <value>0x425f4</value>
         <object_component_ref idref="oc-65"/>
      </symbol>
      <symbol id="sm-15c">
         <name>_read</name>
         <value>0x42683</value>
         <object_component_ref idref="oc-65"/>
      </symbol>
      <symbol id="sm-15d">
         <name>_unlink</name>
         <value>0x425c1</value>
         <object_component_ref idref="oc-65"/>
      </symbol>
      <symbol id="sm-15e">
         <name>_remove_device</name>
         <value>0x4264d</value>
         <object_component_ref idref="oc-65"/>
      </symbol>
      <symbol id="sm-15f">
         <name>_open</name>
         <value>0x42731</value>
         <object_component_ref idref="oc-65"/>
      </symbol>
      <symbol id="sm-160">
         <name>_find_registered_device</name>
         <value>0x42856</value>
         <object_component_ref idref="oc-65"/>
      </symbol>
      <symbol id="sm-161">
         <name>_lseek</name>
         <value>0x427f0</value>
         <object_component_ref idref="oc-65"/>
      </symbol>
      <symbol id="sm-162">
         <name>_close</name>
         <value>0x4285f</value>
         <object_component_ref idref="oc-65"/>
      </symbol>
      <symbol id="sm-163">
         <name>_write</name>
         <value>0x4247f</value>
         <object_component_ref idref="oc-65"/>
      </symbol>
      <symbol id="sm-16b">
         <name>_memcpy</name>
         <value>0x46555</value>
         <object_component_ref idref="oc-6b"/>
      </symbol>
      <symbol id="sm-17b">
         <name>__sys_memory</name>
         <value>0x2c0</value>
         <object_component_ref idref="oc-73"/>
      </symbol>
      <symbol id="sm-17c">
         <name>_chkheap</name>
         <value>0x43371</value>
         <object_component_ref idref="oc-6f"/>
      </symbol>
      <symbol id="sm-17d">
         <name>_realloc</name>
         <value>0x43110</value>
         <object_component_ref idref="oc-6f"/>
      </symbol>
      <symbol id="sm-17e">
         <name>_free_memory</name>
         <value>0x4331b</value>
         <object_component_ref idref="oc-6f"/>
      </symbol>
      <symbol id="sm-17f">
         <name>_max_free</name>
         <value>0x432c1</value>
         <object_component_ref idref="oc-6f"/>
      </symbol>
      <symbol id="sm-180">
         <name>_free</name>
         <value>0x42eea</value>
         <object_component_ref idref="oc-6f"/>
      </symbol>
      <symbol id="sm-181">
         <name>_calloc</name>
         <value>0x43379</value>
         <object_component_ref idref="oc-6f"/>
      </symbol>
      <symbol id="sm-182">
         <name>_malloc</name>
         <value>0x4301b</value>
         <object_component_ref idref="oc-6f"/>
      </symbol>
      <symbol id="sm-183">
         <name>_minit</name>
         <value>0x42fb6</value>
         <object_component_ref idref="oc-6f"/>
      </symbol>
      <symbol id="sm-18d">
         <name>__mpyd</name>
         <value>0x455ab</value>
         <object_component_ref idref="oc-76"/>
      </symbol>
      <symbol id="sm-197">
         <name>_printf</name>
         <value>0x463da</value>
         <object_component_ref idref="oc-7a"/>
      </symbol>
      <symbol id="sm-1a1">
         <name>_remove</name>
         <value>0x46728</value>
         <object_component_ref idref="oc-7e"/>
      </symbol>
      <symbol id="sm-1ab">
         <name>__subd</name>
         <value>0x466d3</value>
         <object_component_ref idref="oc-82"/>
      </symbol>
      <symbol id="sm-1b7">
         <name>_HOSTopen</name>
         <value>0x42ccd</value>
         <object_component_ref idref="oc-86"/>
      </symbol>
      <symbol id="sm-1b8">
         <name>_HOSTread</name>
         <value>0x42c40</value>
         <object_component_ref idref="oc-86"/>
      </symbol>
      <symbol id="sm-1b9">
         <name>_HOSTtime</name>
         <value>0x42b34</value>
         <object_component_ref idref="oc-86"/>
      </symbol>
      <symbol id="sm-1ba">
         <name>_getenv</name>
         <value>0x429c2</value>
         <object_component_ref idref="oc-86"/>
      </symbol>
      <symbol id="sm-1bb">
         <name>_HOSTrename</name>
         <value>0x42b92</value>
         <object_component_ref idref="oc-86"/>
      </symbol>
      <symbol id="sm-1bc">
         <name>_HOSTclock</name>
         <value>0x42e8c</value>
         <object_component_ref idref="oc-86"/>
      </symbol>
      <symbol id="sm-1bd">
         <name>_HOSTwrite</name>
         <value>0x42a3d</value>
         <object_component_ref idref="oc-86"/>
      </symbol>
      <symbol id="sm-1be">
         <name>_HOSTlseek</name>
         <value>0x42d6c</value>
         <object_component_ref idref="oc-86"/>
      </symbol>
      <symbol id="sm-1bf">
         <name>_HOSTunlink</name>
         <value>0x42aca</value>
         <object_component_ref idref="oc-86"/>
      </symbol>
      <symbol id="sm-1c0">
         <name>_HOSTclose</name>
         <value>0x42e21</value>
         <object_component_ref idref="oc-86"/>
      </symbol>
      <symbol id="sm-1d2">
         <name>C$$IO$$</name>
         <value>0x45c4e</value>
         <object_component_ref idref="oc-8e"/>
      </symbol>
      <symbol id="sm-1d3">
         <name>__CIOBUF_</name>
         <value>0x46c48</value>
         <object_component_ref idref="oc-8d"/>
      </symbol>
      <symbol id="sm-1d4">
         <name>_readmsg</name>
         <value>0x4623f</value>
         <object_component_ref idref="oc-8b"/>
      </symbol>
      <symbol id="sm-1d5">
         <name>_writemsg</name>
         <value>0x45b99</value>
         <object_component_ref idref="oc-8e"/>
      </symbol>
      <symbol id="sm-1dd">
         <name>__remu</name>
         <value>0x46681</value>
         <object_component_ref idref="oc-91"/>
      </symbol>
      <symbol id="sm-1de">
         <name>__divu</name>
         <value>0x4666c</value>
         <object_component_ref idref="oc-91"/>
      </symbol>
      <symbol id="sm-1df">
         <name>I$$UMOD</name>
         <value>0x46681</value>
         <object_component_ref idref="oc-91"/>
      </symbol>
      <symbol id="sm-1e0">
         <name>I$$UDIV</name>
         <value>0x4666c</value>
         <object_component_ref idref="oc-91"/>
      </symbol>
      <symbol id="sm-1ea">
         <name>_ungetc</name>
         <value>0x45ee3</value>
         <object_component_ref idref="oc-95"/>
      </symbol>
      <symbol id="sm-1f4">
         <name>_Reset</name>
         <value>0xc0</value>
         <object_component_ref idref="oc-9a"/>
      </symbol>
      <symbol id="sm-1fe">
         <name>__buff_read</name>
         <value>0x45c53</value>
         <object_component_ref idref="oc-9e"/>
      </symbol>
      <symbol id="sm-208">
         <name>__rd_ok</name>
         <value>0x45a7a</value>
         <object_component_ref idref="oc-a2"/>
      </symbol>
      <symbol id="sm-209">
         <name>__wrt_ok</name>
         <value>0x459fa</value>
         <object_component_ref idref="oc-a2"/>
      </symbol>
      <symbol id="sm-217">
         <name>__unlock</name>
         <value>0x8658</value>
         <object_component_ref idref="oc-a7"/>
      </symbol>
      <symbol id="sm-218">
         <name>__lock</name>
         <value>0x8654</value>
         <object_component_ref idref="oc-a7"/>
      </symbol>
      <symbol id="sm-219">
         <name>__register_lock</name>
         <value>0x46702</value>
         <object_component_ref idref="oc-a6"/>
      </symbol>
      <symbol id="sm-21a">
         <name>__nop</name>
         <value>0x4670a</value>
         <object_component_ref idref="oc-a6"/>
      </symbol>
      <symbol id="sm-21b">
         <name>__register_unlock</name>
         <value>0x466fa</value>
         <object_component_ref idref="oc-a6"/>
      </symbol>
      <symbol id="sm-22d">
         <name>__printfi</name>
         <value>0x41362</value>
         <object_component_ref idref="oc-ac"/>
      </symbol>
      <symbol id="sm-23b">
         <name>__scanfi</name>
         <value>0x41f77</value>
         <object_component_ref idref="oc-b2"/>
      </symbol>
      <symbol id="sm-245">
         <name>__args_main</name>
         <value>0x46477</value>
         <object_component_ref idref="oc-b6"/>
      </symbol>
      <symbol id="sm-246">
         <name>__TI_args_main</name>
         <value>0x1</value>
      </symbol>
      <symbol id="sm-250">
         <name>_atoi</name>
         <value>0x4637e</value>
         <object_component_ref idref="oc-ba"/>
      </symbol>
      <symbol id="sm-258">
         <name>_auto_init</name>
         <value>0x4642a</value>
         <object_component_ref idref="oc-be"/>
      </symbol>
      <symbol id="sm-262">
         <name>__eqld</name>
         <value>0x4508a</value>
         <object_component_ref idref="oc-c2"/>
      </symbol>
      <symbol id="sm-263">
         <name>__cmpd</name>
         <value>0x450be</value>
         <object_component_ref idref="oc-c2"/>
      </symbol>
      <symbol id="sm-264">
         <name>__neqd</name>
         <value>0x44f2c</value>
         <object_component_ref idref="oc-c2"/>
      </symbol>
      <symbol id="sm-265">
         <name>__gtrd</name>
         <value>0x44ff5</value>
         <object_component_ref idref="oc-c2"/>
      </symbol>
      <symbol id="sm-266">
         <name>__geqd</name>
         <value>0x45040</value>
         <object_component_ref idref="oc-c2"/>
      </symbol>
      <symbol id="sm-267">
         <name>__leqd</name>
         <value>0x44fa8</value>
         <object_component_ref idref="oc-c2"/>
      </symbol>
      <symbol id="sm-268">
         <name>__lssd</name>
         <value>0x44f60</value>
         <object_component_ref idref="oc-c2"/>
      </symbol>
      <symbol id="sm-270">
         <name>__ctypes_</name>
         <value>0x4673c</value>
         <object_component_ref idref="oc-12d"/>
      </symbol>
      <symbol id="sm-27a">
         <name>__tmpnams</name>
         <value>0x80f0</value>
         <object_component_ref idref="oc-c8"/>
      </symbol>
      <symbol id="sm-27b">
         <name>__ft_end</name>
         <value>0x8230</value>
         <object_component_ref idref="oc-c8"/>
      </symbol>
      <symbol id="sm-27c">
         <name>__ftable</name>
         <value>0x8000</value>
         <object_component_ref idref="oc-c8"/>
      </symbol>
      <symbol id="sm-287">
         <name>__divul</name>
         <value>0x45da7</value>
         <object_component_ref idref="oc-cc"/>
      </symbol>
      <symbol id="sm-291">
         <name>_getchar</name>
         <value>0x45ed4</value>
         <object_component_ref idref="oc-d0"/>
      </symbol>
      <symbol id="sm-292">
         <name>_getc</name>
         <value>0x45e48</value>
         <object_component_ref idref="oc-d0"/>
      </symbol>
      <symbol id="sm-293">
         <name>_fgetc</name>
         <value>0x45e48</value>
         <object_component_ref idref="oc-d0"/>
      </symbol>
      <symbol id="sm-29d">
         <name>_putchar</name>
         <value>0x45d98</value>
         <object_component_ref idref="oc-d4"/>
      </symbol>
      <symbol id="sm-29e">
         <name>_putc</name>
         <value>0x45d01</value>
         <object_component_ref idref="oc-d4"/>
      </symbol>
      <symbol id="sm-29f">
         <name>_fputc</name>
         <value>0x45d01</value>
         <object_component_ref idref="oc-d4"/>
      </symbol>
      <symbol id="sm-2ad">
         <name>_puts</name>
         <value>0x4541c</value>
         <object_component_ref idref="oc-d8"/>
      </symbol>
      <symbol id="sm-2ae">
         <name>_fputs</name>
         <value>0x452e7</value>
         <object_component_ref idref="oc-d8"/>
      </symbol>
      <symbol id="sm-2b8">
         <name>__frcmpyd</name>
         <value>0x46075</value>
         <object_component_ref idref="oc-dd"/>
      </symbol>
      <symbol id="sm-2c2">
         <name>_fseek</name>
         <value>0x462ac</value>
         <object_component_ref idref="oc-e1"/>
      </symbol>
      <symbol id="sm-2cc">
         <name>___isinf</name>
         <value>0x466b9</value>
         <object_component_ref idref="oc-e5"/>
      </symbol>
      <symbol id="sm-2d6">
         <name>__divull</name>
         <value>0x4437c</value>
         <object_component_ref idref="oc-e9"/>
      </symbol>
      <symbol id="sm-2d7">
         <name>__mpylli</name>
         <value>0x442c4</value>
         <object_component_ref idref="oc-e9"/>
      </symbol>
      <symbol id="sm-2d8">
         <name>__remlli</name>
         <value>0x44295</value>
         <object_component_ref idref="oc-e9"/>
      </symbol>
      <symbol id="sm-2d9">
         <name>__divlli</name>
         <value>0x44470</value>
         <object_component_ref idref="oc-e9"/>
      </symbol>
      <symbol id="sm-2da">
         <name>__remull</name>
         <value>0x44247</value>
         <object_component_ref idref="oc-e9"/>
      </symbol>
      <symbol id="sm-2e4">
         <name>_ltoa</name>
         <value>0x45f7d</value>
         <object_component_ref idref="oc-ed"/>
      </symbol>
      <symbol id="sm-2ef">
         <name>_memccpy</name>
         <value>0x46696</value>
         <object_component_ref idref="oc-f1"/>
      </symbol>
      <symbol id="sm-2f9">
         <name>__negd</name>
         <value>0x4670c</value>
         <object_component_ref idref="oc-f5"/>
      </symbol>
      <symbol id="sm-303">
         <name>__remli</name>
         <value>0x464c2</value>
         <object_component_ref idref="oc-f9"/>
      </symbol>
      <symbol id="sm-30e">
         <name>__remul</name>
         <value>0x4615e</value>
         <object_component_ref idref="oc-fd"/>
      </symbol>
      <symbol id="sm-318">
         <name>_setvbuf</name>
         <value>0x45914</value>
         <object_component_ref idref="oc-101"/>
      </symbol>
      <symbol id="sm-328">
         <name>_strtod</name>
         <value>0x43a6c</value>
         <object_component_ref idref="oc-105"/>
      </symbol>
      <symbol id="sm-332">
         <name>_strtol</name>
         <value>0x4494a</value>
         <object_component_ref idref="oc-10a"/>
      </symbol>
      <symbol id="sm-342">
         <name>_strtold</name>
         <value>0x43d29</value>
         <object_component_ref idref="oc-10e"/>
      </symbol>
      <symbol id="sm-34c">
         <name>_strtoll</name>
         <value>0x4376b</value>
         <object_component_ref idref="oc-113"/>
      </symbol>
      <symbol id="sm-356">
         <name>_strtoul</name>
         <value>0x45116</value>
         <object_component_ref idref="oc-117"/>
      </symbol>
      <symbol id="sm-360">
         <name>_strtoull</name>
         <value>0x446ff</value>
         <object_component_ref idref="oc-11b"/>
      </symbol>
      <symbol id="sm-36a">
         <name>__divli</name>
         <value>0x4650d</value>
         <object_component_ref idref="oc-11f"/>
      </symbol>
      <symbol id="sm-374">
         <name>_errno</name>
         <value>0x83d2</value>
         <object_component_ref idref="oc-123"/>
      </symbol>
      <symbol id="sm-37c">
         <name>__remi</name>
         <value>0x465f1</value>
         <object_component_ref idref="oc-127"/>
      </symbol>
      <symbol id="sm-37d">
         <name>__divi</name>
         <value>0x465d2</value>
         <object_component_ref idref="oc-127"/>
      </symbol>
      <symbol id="sm-37e">
         <name>I$$MOD</name>
         <value>0x465f1</value>
         <object_component_ref idref="oc-127"/>
      </symbol>
      <symbol id="sm-37f">
         <name>I$$DIV</name>
         <value>0x465d2</value>
         <object_component_ref idref="oc-127"/>
      </symbol>
   </symbol_table>
</link_info>
